// Jest Snapshot v1, https://goo.gl/fbAQLP

exports[`Should render FlashMessage correctly 1`] = `
<FlashMessage
  flash={
    Object {
      "show": true,
      "text": "test",
      "type": "error",
    }
  }
  resetFlash={[MockFunction]}
>
  <div
    className="flash error"
  >
    test
  </div>
</FlashMessage>
`;
